// Jest Snapshot v1, https://goo.gl/fbAQLP

exports[`<GalleryPage /> should render and match the snapshot 1`] = `
<div
  class="MuiContainer-root makeStyles-section-1 MuiContainer-maxWidthLg"
>
  <h2
    class="MuiTypography-root makeStyles-card-4 MuiTypography-h2"
  >
    <span>
      â€”
    </span>
  </h2>
  <h3
    class="MuiTypography-root makeStyles-card-4 MuiTypography-h3"
  >
    Picture Gallery
  </h3>
  <hr
    class="MuiDivider-root makeStyles-divider-3"
  />
  <div
    class="MuiContainer-root makeStyles-pictureGalleryWrapper-2 makeStyles-section-1 MuiContainer-maxWidthLg"
  />
</div>
`;
