// Jest Snapshot v1, https://goo.gl/fbAQLP

exports[`<MockComponent /> should render and match the snapshot 1`] = `
<div>
  MockComponent
</div>
`;
